 gcc -g p5original.c; ./a.out
/tmp/ccSCqaDV.o: In function `my_sqrt':
/home/runner/pps-IA1-practice-1/p5original.c:17: undefined reference to `log2'
/home/runner/pps-IA1-practice-1/p5original.c:17: undefined reference to `pow'
collect2: error: ld returned 1 exit status
sh: 1: ./a.out: not found
exit status 127
 gcc -g p5original.c -lm
 ./a.out
enter the value of n:36
the square root of 36.000000 is 6.000000 
 gdb a.out
GNU gdb (Ubuntu 8.1.1-0ubuntu1) 8.1.1
Copyright (C) 2018 Free Software Foundation, Inc.
License GPLv3+: GNU GPL version 3 or later <http://gnu.org/licenses/gpl.html>
This is free software: you are free to change and redistribute it.
There is NO WARRANTY, to the extent permitted by law.  Type "show copying"
and "show warranty" for details.
This GDB was configured as "x86_64-linux-gnu".
Type "show configuration" for configuration details.
For bug reporting instructions, please see:
<http://www.gnu.org/software/gdb/bugs/>.
Find the GDB manual and other documentation resources online at:
<http://www.gnu.org/software/gdb/documentation/>.
For help, type "help".
Type "apropos word" to search for commands related to "word"...
Reading symbols from a.out...done.
(gdb) b main
Breakpoint 1 at 0x8bd: file p5original.c, line 30.
(gdb) r
Starting program: /home/runner/pps-IA1-practice-1/a.out 
warning: Error disabling address space randomization: Operation not permitted

Breakpoint 1, main () at p5original.c:30
30    nsqv=input();
(gdb) s
input () at p5original.c:6
6   {
(gdb) n
8     printf("enter the value of n:");
(gdb) n
9     scanf("%f",&n);
(gdb) n
enter the value of n:36
10    return n;
(gdb) p n
$1 = 36
(gdb) n
12  }
(gdb) n
main () at p5original.c:31
31    resultsqv=my_sqrt(nsqv);
(gdb) s
my_sqrt (n=36) at p5original.c:17
17    sqroot=pow(2,0.5 * log2(n));
(gdb) n
18    return sqroot;
(gdb) n
20  }
(gdb) p sqroot
$2 = 6
(gdb) n
main () at p5original.c:32
32    output(nsqv,resultsqv);
(gdb) s
output (n=36, sqrt_result=6) at p5original.c:23
23    printf("the square root of %f is %f",n,sqrt_result);
(gdb) n
25  }
(gdb) n
main () at p5original.c:34
34  }(gdb) c
Continuing.
the square root of 36.000000 is 6.000000[Inferior 1 (process 523) exited normally]
(gdb) 